src/app/gallery/page.tsx(2,27): error TS2307: Cannot find module './GalleryReveal' or its corresponding type declarations.
